
C:\Users\My PC\Documents\Habit_tracker\src\components\Analysis.jsx
   6:74  error    'startOfToday' is defined but never used. Allowed unused vars must match /^[A-Z_]/u                               no-unused-vars
  20:9   warning  React Hook useMemo has an unnecessary dependency: 'refreshKey'. Either exclude it or remove the dependency array  react-hooks/exhaustive-deps

Γ£û 2 problems (1 error, 1 warning)

